------------------------------------------------------------
TimeQuest Timing Analyzer Summary
------------------------------------------------------------

Type  : Slow 1100mV 85C Model Setup 'SYSCLK'
Slack : -4.178
TNS   : -4.178

Type  : Slow 1100mV 85C Model Setup 'PLL_50MHz_48MHz|\GeneratePLLForSyn:AlteraPLL50to48_rtl|alterapll50to48_inst|altera_pll_i|general[0].gpll~PLL_OUTPUT_COUNTER|divclk'
Slack : -3.526
TNS   : -3.526

Type  : Slow 1100mV 85C Model Setup 'HPSComputer1:HPS_Inst|Computer_System:\GenerateInstForSyn:Computer_System_inst|Computer_System_ARM_A9_HPS:arm_a9_hps|Computer_System_ARM_A9_HPS_hps_io:hps_io|Computer_System_ARM_A9_HPS_hps_io_border:border|hps_sdram:hps_sdram_inst|hps_sdram_pll:pll|afi_clk_write_clk'
Slack : 1.730
TNS   : 0.000

Type  : Slow 1100mV 85C Model Setup 'HPS_Inst|\GenerateInstForSyn:Computer_System_inst|system_pll|sys_pll|altera_pll_i|general[0].gpll~PLL_OUTPUT_COUNTER|divclk'
Slack : 2.111
TNS   : 0.000

Type  : Slow 1100mV 85C Model Setup 'altera_reserved_tck'
Slack : 10.651
TNS   : 0.000

Type  : Slow 1100mV 85C Model Hold 'HPSComputer1:HPS_Inst|Computer_System:\GenerateInstForSyn:Computer_System_inst|Computer_System_ARM_A9_HPS:arm_a9_hps|Computer_System_ARM_A9_HPS_hps_io:hps_io|Computer_System_ARM_A9_HPS_hps_io_border:border|hps_sdram:hps_sdram_inst|hps_sdram_pll:pll|afi_clk_write_clk'
Slack : 0.143
TNS   : 0.000

Type  : Slow 1100mV 85C Model Hold 'HPS_Inst|\GenerateInstForSyn:Computer_System_inst|system_pll|sys_pll|altera_pll_i|general[0].gpll~PLL_OUTPUT_COUNTER|divclk'
Slack : 0.261
TNS   : 0.000

Type  : Slow 1100mV 85C Model Hold 'SYSCLK'
Slack : 0.322
TNS   : 0.000

Type  : Slow 1100mV 85C Model Hold 'PLL_50MHz_48MHz|\GeneratePLLForSyn:AlteraPLL50to48_rtl|alterapll50to48_inst|altera_pll_i|general[0].gpll~PLL_OUTPUT_COUNTER|divclk'
Slack : 0.358
TNS   : 0.000

Type  : Slow 1100mV 85C Model Hold 'altera_reserved_tck'
Slack : 0.381
TNS   : 0.000

Type  : Slow 1100mV 85C Model Recovery 'HPSComputer1:HPS_Inst|Computer_System:\GenerateInstForSyn:Computer_System_inst|Computer_System_ARM_A9_HPS:arm_a9_hps|Computer_System_ARM_A9_HPS_hps_io:hps_io|Computer_System_ARM_A9_HPS_hps_io_border:border|hps_sdram:hps_sdram_inst|hps_sdram_pll:pll|afi_clk_write_clk'
Slack : 3.375
TNS   : 0.000

Type  : Slow 1100mV 85C Model Recovery 'HPS_Inst|\GenerateInstForSyn:Computer_System_inst|system_pll|sys_pll|altera_pll_i|general[0].gpll~PLL_OUTPUT_COUNTER|divclk'
Slack : 5.028
TNS   : 0.000

Type  : Slow 1100mV 85C Model Recovery 'altera_reserved_tck'
Slack : 13.880
TNS   : 0.000

Type  : Slow 1100mV 85C Model Removal 'HPS_Inst|\GenerateInstForSyn:Computer_System_inst|system_pll|sys_pll|altera_pll_i|general[0].gpll~PLL_OUTPUT_COUNTER|divclk'
Slack : 0.444
TNS   : 0.000

Type  : Slow 1100mV 85C Model Removal 'HPSComputer1:HPS_Inst|Computer_System:\GenerateInstForSyn:Computer_System_inst|Computer_System_ARM_A9_HPS:arm_a9_hps|Computer_System_ARM_A9_HPS_hps_io:hps_io|Computer_System_ARM_A9_HPS_hps_io_border:border|hps_sdram:hps_sdram_inst|hps_sdram_pll:pll|afi_clk_write_clk'
Slack : 0.470
TNS   : 0.000

Type  : Slow 1100mV 85C Model Removal 'altera_reserved_tck'
Slack : 1.017
TNS   : 0.000

Type  : Slow 1100mV 85C Model Minimum Pulse Width 'HPSComputer1:HPS_Inst|Computer_System:\GenerateInstForSyn:Computer_System_inst|Computer_System_ARM_A9_HPS:arm_a9_hps|Computer_System_ARM_A9_HPS_hps_io:hps_io|Computer_System_ARM_A9_HPS_hps_io_border:border|hps_sdram:hps_sdram_inst|hps_sdram_pll:pll|pll_write_clk_dq_write_clk'
Slack : 0.608
TNS   : 0.000

Type  : Slow 1100mV 85C Model Minimum Pulse Width 'HPSComputer1:HPS_Inst|Computer_System:\GenerateInstForSyn:Computer_System_inst|Computer_System_ARM_A9_HPS:arm_a9_hps|Computer_System_ARM_A9_HPS_hps_io:hps_io|Computer_System_ARM_A9_HPS_hps_io_border:border|hps_sdram:hps_sdram_inst|hps_sdram_pll:pll|afi_clk_write_clk'
Slack : 0.623
TNS   : 0.000

Type  : Slow 1100mV 85C Model Minimum Pulse Width 'PLL_50MHz_48MHz|\GeneratePLLForSyn:AlteraPLL50to48_rtl|alterapll50to48_inst|altera_pll_i|general[0].gpll~FRACTIONAL_PLL|vcoph[0]'
Slack : 1.041
TNS   : 0.000

Type  : Slow 1100mV 85C Model Minimum Pulse Width 'HPS_Inst|\GenerateInstForSyn:Computer_System_inst|system_pll|sys_pll|altera_pll_i|general[0].gpll~FRACTIONAL_PLL|vcoph[0]'
Slack : 1.666
TNS   : 0.000

Type  : Slow 1100mV 85C Model Minimum Pulse Width 'HPS_Inst|\GenerateInstForSyn:Computer_System_inst|system_pll|sys_pll|altera_pll_i|general[0].gpll~PLL_OUTPUT_COUNTER|divclk'
Slack : 3.763
TNS   : 0.000

Type  : Slow 1100mV 85C Model Minimum Pulse Width 'HPS_USB_CLKOUT'
Slack : 7.666
TNS   : 0.000

Type  : Slow 1100mV 85C Model Minimum Pulse Width 'PLL_50MHz_48MHz|\GeneratePLLForSyn:AlteraPLL50to48_rtl|alterapll50to48_inst|altera_pll_i|general[0].gpll~PLL_OUTPUT_COUNTER|divclk'
Slack : 9.166
TNS   : 0.000

Type  : Slow 1100mV 85C Model Minimum Pulse Width 'SYSCLK'
Slack : 9.251
TNS   : 0.000

Type  : Slow 1100mV 85C Model Minimum Pulse Width 'altera_reserved_tck'
Slack : 15.330
TNS   : 0.000

Type  : Slow 1100mV 85C Model Minimum Pulse Width 'HPS_I2C1_SCLK'
Slack : 1249.670
TNS   : 0.000

Type  : Slow 1100mV 85C Model Minimum Pulse Width 'HPS_I2C2_SCLK'
Slack : 1249.670
TNS   : 0.000

Type  : Slow 1100mV 0C Model Setup 'SYSCLK'
Slack : -4.096
TNS   : -4.096

Type  : Slow 1100mV 0C Model Setup 'PLL_50MHz_48MHz|\GeneratePLLForSyn:AlteraPLL50to48_rtl|alterapll50to48_inst|altera_pll_i|general[0].gpll~PLL_OUTPUT_COUNTER|divclk'
Slack : -3.368
TNS   : -3.368

Type  : Slow 1100mV 0C Model Setup 'HPSComputer1:HPS_Inst|Computer_System:\GenerateInstForSyn:Computer_System_inst|Computer_System_ARM_A9_HPS:arm_a9_hps|Computer_System_ARM_A9_HPS_hps_io:hps_io|Computer_System_ARM_A9_HPS_hps_io_border:border|hps_sdram:hps_sdram_inst|hps_sdram_pll:pll|afi_clk_write_clk'
Slack : 1.727
TNS   : 0.000

Type  : Slow 1100mV 0C Model Setup 'HPS_Inst|\GenerateInstForSyn:Computer_System_inst|system_pll|sys_pll|altera_pll_i|general[0].gpll~PLL_OUTPUT_COUNTER|divclk'
Slack : 2.128
TNS   : 0.000

Type  : Slow 1100mV 0C Model Setup 'altera_reserved_tck'
Slack : 10.864
TNS   : 0.000

Type  : Slow 1100mV 0C Model Hold 'HPSComputer1:HPS_Inst|Computer_System:\GenerateInstForSyn:Computer_System_inst|Computer_System_ARM_A9_HPS:arm_a9_hps|Computer_System_ARM_A9_HPS_hps_io:hps_io|Computer_System_ARM_A9_HPS_hps_io_border:border|hps_sdram:hps_sdram_inst|hps_sdram_pll:pll|afi_clk_write_clk'
Slack : 0.162
TNS   : 0.000

Type  : Slow 1100mV 0C Model Hold 'HPS_Inst|\GenerateInstForSyn:Computer_System_inst|system_pll|sys_pll|altera_pll_i|general[0].gpll~PLL_OUTPUT_COUNTER|divclk'
Slack : 0.208
TNS   : 0.000

Type  : Slow 1100mV 0C Model Hold 'PLL_50MHz_48MHz|\GeneratePLLForSyn:AlteraPLL50to48_rtl|alterapll50to48_inst|altera_pll_i|general[0].gpll~PLL_OUTPUT_COUNTER|divclk'
Slack : 0.305
TNS   : 0.000

Type  : Slow 1100mV 0C Model Hold 'SYSCLK'
Slack : 0.305
TNS   : 0.000

Type  : Slow 1100mV 0C Model Hold 'altera_reserved_tck'
Slack : 0.388
TNS   : 0.000

Type  : Slow 1100mV 0C Model Recovery 'HPSComputer1:HPS_Inst|Computer_System:\GenerateInstForSyn:Computer_System_inst|Computer_System_ARM_A9_HPS:arm_a9_hps|Computer_System_ARM_A9_HPS_hps_io:hps_io|Computer_System_ARM_A9_HPS_hps_io_border:border|hps_sdram:hps_sdram_inst|hps_sdram_pll:pll|afi_clk_write_clk'
Slack : 3.468
TNS   : 0.000

Type  : Slow 1100mV 0C Model Recovery 'HPS_Inst|\GenerateInstForSyn:Computer_System_inst|system_pll|sys_pll|altera_pll_i|general[0].gpll~PLL_OUTPUT_COUNTER|divclk'
Slack : 5.305
TNS   : 0.000

Type  : Slow 1100mV 0C Model Recovery 'altera_reserved_tck'
Slack : 13.986
TNS   : 0.000

Type  : Slow 1100mV 0C Model Removal 'HPS_Inst|\GenerateInstForSyn:Computer_System_inst|system_pll|sys_pll|altera_pll_i|general[0].gpll~PLL_OUTPUT_COUNTER|divclk'
Slack : 0.371
TNS   : 0.000

Type  : Slow 1100mV 0C Model Removal 'HPSComputer1:HPS_Inst|Computer_System:\GenerateInstForSyn:Computer_System_inst|Computer_System_ARM_A9_HPS:arm_a9_hps|Computer_System_ARM_A9_HPS_hps_io:hps_io|Computer_System_ARM_A9_HPS_hps_io_border:border|hps_sdram:hps_sdram_inst|hps_sdram_pll:pll|afi_clk_write_clk'
Slack : 0.460
TNS   : 0.000

Type  : Slow 1100mV 0C Model Removal 'altera_reserved_tck'
Slack : 0.947
TNS   : 0.000

Type  : Slow 1100mV 0C Model Minimum Pulse Width 'HPSComputer1:HPS_Inst|Computer_System:\GenerateInstForSyn:Computer_System_inst|Computer_System_ARM_A9_HPS:arm_a9_hps|Computer_System_ARM_A9_HPS_hps_io:hps_io|Computer_System_ARM_A9_HPS_hps_io_border:border|hps_sdram:hps_sdram_inst|hps_sdram_pll:pll|pll_write_clk_dq_write_clk'
Slack : 0.613
TNS   : 0.000

Type  : Slow 1100mV 0C Model Minimum Pulse Width 'HPSComputer1:HPS_Inst|Computer_System:\GenerateInstForSyn:Computer_System_inst|Computer_System_ARM_A9_HPS:arm_a9_hps|Computer_System_ARM_A9_HPS_hps_io:hps_io|Computer_System_ARM_A9_HPS_hps_io_border:border|hps_sdram:hps_sdram_inst|hps_sdram_pll:pll|afi_clk_write_clk'
Slack : 0.630
TNS   : 0.000

Type  : Slow 1100mV 0C Model Minimum Pulse Width 'PLL_50MHz_48MHz|\GeneratePLLForSyn:AlteraPLL50to48_rtl|alterapll50to48_inst|altera_pll_i|general[0].gpll~FRACTIONAL_PLL|vcoph[0]'
Slack : 1.041
TNS   : 0.000

Type  : Slow 1100mV 0C Model Minimum Pulse Width 'HPS_Inst|\GenerateInstForSyn:Computer_System_inst|system_pll|sys_pll|altera_pll_i|general[0].gpll~FRACTIONAL_PLL|vcoph[0]'
Slack : 1.666
TNS   : 0.000

Type  : Slow 1100mV 0C Model Minimum Pulse Width 'HPS_Inst|\GenerateInstForSyn:Computer_System_inst|system_pll|sys_pll|altera_pll_i|general[0].gpll~PLL_OUTPUT_COUNTER|divclk'
Slack : 3.737
TNS   : 0.000

Type  : Slow 1100mV 0C Model Minimum Pulse Width 'HPS_USB_CLKOUT'
Slack : 7.660
TNS   : 0.000

Type  : Slow 1100mV 0C Model Minimum Pulse Width 'PLL_50MHz_48MHz|\GeneratePLLForSyn:AlteraPLL50to48_rtl|alterapll50to48_inst|altera_pll_i|general[0].gpll~PLL_OUTPUT_COUNTER|divclk'
Slack : 9.148
TNS   : 0.000

Type  : Slow 1100mV 0C Model Minimum Pulse Width 'SYSCLK'
Slack : 9.314
TNS   : 0.000

Type  : Slow 1100mV 0C Model Minimum Pulse Width 'altera_reserved_tck'
Slack : 15.302
TNS   : 0.000

Type  : Slow 1100mV 0C Model Minimum Pulse Width 'HPS_I2C1_SCLK'
Slack : 1249.674
TNS   : 0.000

Type  : Slow 1100mV 0C Model Minimum Pulse Width 'HPS_I2C2_SCLK'
Slack : 1249.674
TNS   : 0.000

Type  : Fast 1100mV 85C Model Setup 'SYSCLK'
Slack : -2.116
TNS   : -2.116

Type  : Fast 1100mV 85C Model Setup 'PLL_50MHz_48MHz|\GeneratePLLForSyn:AlteraPLL50to48_rtl|alterapll50to48_inst|altera_pll_i|general[0].gpll~PLL_OUTPUT_COUNTER|divclk'
Slack : -1.871
TNS   : -1.871

Type  : Fast 1100mV 85C Model Setup 'HPSComputer1:HPS_Inst|Computer_System:\GenerateInstForSyn:Computer_System_inst|Computer_System_ARM_A9_HPS:arm_a9_hps|Computer_System_ARM_A9_HPS_hps_io:hps_io|Computer_System_ARM_A9_HPS_hps_io_border:border|hps_sdram:hps_sdram_inst|hps_sdram_pll:pll|afi_clk_write_clk'
Slack : 2.110
TNS   : 0.000

Type  : Fast 1100mV 85C Model Setup 'HPS_Inst|\GenerateInstForSyn:Computer_System_inst|system_pll|sys_pll|altera_pll_i|general[0].gpll~PLL_OUTPUT_COUNTER|divclk'
Slack : 5.077
TNS   : 0.000

Type  : Fast 1100mV 85C Model Setup 'altera_reserved_tck'
Slack : 13.135
TNS   : 0.000

Type  : Fast 1100mV 85C Model Hold 'HPSComputer1:HPS_Inst|Computer_System:\GenerateInstForSyn:Computer_System_inst|Computer_System_ARM_A9_HPS:arm_a9_hps|Computer_System_ARM_A9_HPS_hps_io:hps_io|Computer_System_ARM_A9_HPS_hps_io_border:border|hps_sdram:hps_sdram_inst|hps_sdram_pll:pll|afi_clk_write_clk'
Slack : 0.084
TNS   : 0.000

Type  : Fast 1100mV 85C Model Hold 'altera_reserved_tck'
Slack : 0.141
TNS   : 0.000

Type  : Fast 1100mV 85C Model Hold 'HPS_Inst|\GenerateInstForSyn:Computer_System_inst|system_pll|sys_pll|altera_pll_i|general[0].gpll~PLL_OUTPUT_COUNTER|divclk'
Slack : 0.170
TNS   : 0.000

Type  : Fast 1100mV 85C Model Hold 'PLL_50MHz_48MHz|\GeneratePLLForSyn:AlteraPLL50to48_rtl|alterapll50to48_inst|altera_pll_i|general[0].gpll~PLL_OUTPUT_COUNTER|divclk'
Slack : 0.176
TNS   : 0.000

Type  : Fast 1100mV 85C Model Hold 'SYSCLK'
Slack : 0.192
TNS   : 0.000

Type  : Fast 1100mV 85C Model Recovery 'HPSComputer1:HPS_Inst|Computer_System:\GenerateInstForSyn:Computer_System_inst|Computer_System_ARM_A9_HPS:arm_a9_hps|Computer_System_ARM_A9_HPS_hps_io:hps_io|Computer_System_ARM_A9_HPS_hps_io_border:border|hps_sdram:hps_sdram_inst|hps_sdram_pll:pll|afi_clk_write_clk'
Slack : 3.727
TNS   : 0.000

Type  : Fast 1100mV 85C Model Recovery 'HPS_Inst|\GenerateInstForSyn:Computer_System_inst|system_pll|sys_pll|altera_pll_i|general[0].gpll~PLL_OUTPUT_COUNTER|divclk'
Slack : 6.650
TNS   : 0.000

Type  : Fast 1100mV 85C Model Recovery 'altera_reserved_tck'
Slack : 15.171
TNS   : 0.000

Type  : Fast 1100mV 85C Model Removal 'HPS_Inst|\GenerateInstForSyn:Computer_System_inst|system_pll|sys_pll|altera_pll_i|general[0].gpll~PLL_OUTPUT_COUNTER|divclk'
Slack : 0.271
TNS   : 0.000

Type  : Fast 1100mV 85C Model Removal 'altera_reserved_tck'
Slack : 0.464
TNS   : 0.000

Type  : Fast 1100mV 85C Model Removal 'HPSComputer1:HPS_Inst|Computer_System:\GenerateInstForSyn:Computer_System_inst|Computer_System_ARM_A9_HPS:arm_a9_hps|Computer_System_ARM_A9_HPS_hps_io:hps_io|Computer_System_ARM_A9_HPS_hps_io_border:border|hps_sdram:hps_sdram_inst|hps_sdram_pll:pll|afi_clk_write_clk'
Slack : 0.497
TNS   : 0.000

Type  : Fast 1100mV 85C Model Minimum Pulse Width 'HPSComputer1:HPS_Inst|Computer_System:\GenerateInstForSyn:Computer_System_inst|Computer_System_ARM_A9_HPS:arm_a9_hps|Computer_System_ARM_A9_HPS_hps_io:hps_io|Computer_System_ARM_A9_HPS_hps_io_border:border|hps_sdram:hps_sdram_inst|hps_sdram_pll:pll|pll_write_clk_dq_write_clk'
Slack : 0.883
TNS   : 0.000

Type  : Fast 1100mV 85C Model Minimum Pulse Width 'HPSComputer1:HPS_Inst|Computer_System:\GenerateInstForSyn:Computer_System_inst|Computer_System_ARM_A9_HPS:arm_a9_hps|Computer_System_ARM_A9_HPS_hps_io:hps_io|Computer_System_ARM_A9_HPS_hps_io_border:border|hps_sdram:hps_sdram_inst|hps_sdram_pll:pll|afi_clk_write_clk'
Slack : 0.891
TNS   : 0.000

Type  : Fast 1100mV 85C Model Minimum Pulse Width 'PLL_50MHz_48MHz|\GeneratePLLForSyn:AlteraPLL50to48_rtl|alterapll50to48_inst|altera_pll_i|general[0].gpll~FRACTIONAL_PLL|vcoph[0]'
Slack : 1.041
TNS   : 0.000

Type  : Fast 1100mV 85C Model Minimum Pulse Width 'HPS_Inst|\GenerateInstForSyn:Computer_System_inst|system_pll|sys_pll|altera_pll_i|general[0].gpll~FRACTIONAL_PLL|vcoph[0]'
Slack : 1.666
TNS   : 0.000

Type  : Fast 1100mV 85C Model Minimum Pulse Width 'HPS_Inst|\GenerateInstForSyn:Computer_System_inst|system_pll|sys_pll|altera_pll_i|general[0].gpll~PLL_OUTPUT_COUNTER|divclk'
Slack : 3.880
TNS   : 0.000

Type  : Fast 1100mV 85C Model Minimum Pulse Width 'HPS_USB_CLKOUT'
Slack : 7.339
TNS   : 0.000

Type  : Fast 1100mV 85C Model Minimum Pulse Width 'SYSCLK'
Slack : 9.116
TNS   : 0.000

Type  : Fast 1100mV 85C Model Minimum Pulse Width 'PLL_50MHz_48MHz|\GeneratePLLForSyn:AlteraPLL50to48_rtl|alterapll50to48_inst|altera_pll_i|general[0].gpll~PLL_OUTPUT_COUNTER|divclk'
Slack : 9.292
TNS   : 0.000

Type  : Fast 1100mV 85C Model Minimum Pulse Width 'altera_reserved_tck'
Slack : 15.268
TNS   : 0.000

Type  : Fast 1100mV 85C Model Minimum Pulse Width 'HPS_I2C1_SCLK'
Slack : 1249.336
TNS   : 0.000

Type  : Fast 1100mV 85C Model Minimum Pulse Width 'HPS_I2C2_SCLK'
Slack : 1249.336
TNS   : 0.000

Type  : Fast 1100mV 0C Model Setup 'SYSCLK'
Slack : -2.037
TNS   : -2.037

Type  : Fast 1100mV 0C Model Setup 'PLL_50MHz_48MHz|\GeneratePLLForSyn:AlteraPLL50to48_rtl|alterapll50to48_inst|altera_pll_i|general[0].gpll~PLL_OUTPUT_COUNTER|divclk'
Slack : -1.630
TNS   : -1.630

Type  : Fast 1100mV 0C Model Setup 'HPSComputer1:HPS_Inst|Computer_System:\GenerateInstForSyn:Computer_System_inst|Computer_System_ARM_A9_HPS:arm_a9_hps|Computer_System_ARM_A9_HPS_hps_io:hps_io|Computer_System_ARM_A9_HPS_hps_io_border:border|hps_sdram:hps_sdram_inst|hps_sdram_pll:pll|afi_clk_write_clk'
Slack : 2.110
TNS   : 0.000

Type  : Fast 1100mV 0C Model Setup 'HPS_Inst|\GenerateInstForSyn:Computer_System_inst|system_pll|sys_pll|altera_pll_i|general[0].gpll~PLL_OUTPUT_COUNTER|divclk'
Slack : 5.493
TNS   : 0.000

Type  : Fast 1100mV 0C Model Setup 'altera_reserved_tck'
Slack : 13.629
TNS   : 0.000

Type  : Fast 1100mV 0C Model Hold 'HPSComputer1:HPS_Inst|Computer_System:\GenerateInstForSyn:Computer_System_inst|Computer_System_ARM_A9_HPS:arm_a9_hps|Computer_System_ARM_A9_HPS_hps_io:hps_io|Computer_System_ARM_A9_HPS_hps_io_border:border|hps_sdram:hps_sdram_inst|hps_sdram_pll:pll|afi_clk_write_clk'
Slack : 0.077
TNS   : 0.000

Type  : Fast 1100mV 0C Model Hold 'altera_reserved_tck'
Slack : 0.127
TNS   : 0.000

Type  : Fast 1100mV 0C Model Hold 'HPS_Inst|\GenerateInstForSyn:Computer_System_inst|system_pll|sys_pll|altera_pll_i|general[0].gpll~PLL_OUTPUT_COUNTER|divclk'
Slack : 0.155
TNS   : 0.000

Type  : Fast 1100mV 0C Model Hold 'PLL_50MHz_48MHz|\GeneratePLLForSyn:AlteraPLL50to48_rtl|alterapll50to48_inst|altera_pll_i|general[0].gpll~PLL_OUTPUT_COUNTER|divclk'
Slack : 0.167
TNS   : 0.000

Type  : Fast 1100mV 0C Model Hold 'SYSCLK'
Slack : 0.174
TNS   : 0.000

Type  : Fast 1100mV 0C Model Recovery 'HPSComputer1:HPS_Inst|Computer_System:\GenerateInstForSyn:Computer_System_inst|Computer_System_ARM_A9_HPS:arm_a9_hps|Computer_System_ARM_A9_HPS_hps_io:hps_io|Computer_System_ARM_A9_HPS_hps_io_border:border|hps_sdram:hps_sdram_inst|hps_sdram_pll:pll|afi_clk_write_clk'
Slack : 3.825
TNS   : 0.000

Type  : Fast 1100mV 0C Model Recovery 'HPS_Inst|\GenerateInstForSyn:Computer_System_inst|system_pll|sys_pll|altera_pll_i|general[0].gpll~PLL_OUTPUT_COUNTER|divclk'
Slack : 7.079
TNS   : 0.000

Type  : Fast 1100mV 0C Model Recovery 'altera_reserved_tck'
Slack : 15.441
TNS   : 0.000

Type  : Fast 1100mV 0C Model Removal 'HPS_Inst|\GenerateInstForSyn:Computer_System_inst|system_pll|sys_pll|altera_pll_i|general[0].gpll~PLL_OUTPUT_COUNTER|divclk'
Slack : 0.204
TNS   : 0.000

Type  : Fast 1100mV 0C Model Removal 'altera_reserved_tck'
Slack : 0.398
TNS   : 0.000

Type  : Fast 1100mV 0C Model Removal 'HPSComputer1:HPS_Inst|Computer_System:\GenerateInstForSyn:Computer_System_inst|Computer_System_ARM_A9_HPS:arm_a9_hps|Computer_System_ARM_A9_HPS_hps_io:hps_io|Computer_System_ARM_A9_HPS_hps_io_border:border|hps_sdram:hps_sdram_inst|hps_sdram_pll:pll|afi_clk_write_clk'
Slack : 0.473
TNS   : 0.000

Type  : Fast 1100mV 0C Model Minimum Pulse Width 'HPSComputer1:HPS_Inst|Computer_System:\GenerateInstForSyn:Computer_System_inst|Computer_System_ARM_A9_HPS:arm_a9_hps|Computer_System_ARM_A9_HPS_hps_io:hps_io|Computer_System_ARM_A9_HPS_hps_io_border:border|hps_sdram:hps_sdram_inst|hps_sdram_pll:pll|pll_write_clk_dq_write_clk'
Slack : 0.887
TNS   : 0.000

Type  : Fast 1100mV 0C Model Minimum Pulse Width 'HPSComputer1:HPS_Inst|Computer_System:\GenerateInstForSyn:Computer_System_inst|Computer_System_ARM_A9_HPS:arm_a9_hps|Computer_System_ARM_A9_HPS_hps_io:hps_io|Computer_System_ARM_A9_HPS_hps_io_border:border|hps_sdram:hps_sdram_inst|hps_sdram_pll:pll|afi_clk_write_clk'
Slack : 0.894
TNS   : 0.000

Type  : Fast 1100mV 0C Model Minimum Pulse Width 'PLL_50MHz_48MHz|\GeneratePLLForSyn:AlteraPLL50to48_rtl|alterapll50to48_inst|altera_pll_i|general[0].gpll~FRACTIONAL_PLL|vcoph[0]'
Slack : 1.041
TNS   : 0.000

Type  : Fast 1100mV 0C Model Minimum Pulse Width 'HPS_Inst|\GenerateInstForSyn:Computer_System_inst|system_pll|sys_pll|altera_pll_i|general[0].gpll~FRACTIONAL_PLL|vcoph[0]'
Slack : 1.666
TNS   : 0.000

Type  : Fast 1100mV 0C Model Minimum Pulse Width 'HPS_Inst|\GenerateInstForSyn:Computer_System_inst|system_pll|sys_pll|altera_pll_i|general[0].gpll~PLL_OUTPUT_COUNTER|divclk'
Slack : 3.881
TNS   : 0.000

Type  : Fast 1100mV 0C Model Minimum Pulse Width 'HPS_USB_CLKOUT'
Slack : 7.286
TNS   : 0.000

Type  : Fast 1100mV 0C Model Minimum Pulse Width 'SYSCLK'
Slack : 9.075
TNS   : 0.000

Type  : Fast 1100mV 0C Model Minimum Pulse Width 'PLL_50MHz_48MHz|\GeneratePLLForSyn:AlteraPLL50to48_rtl|alterapll50to48_inst|altera_pll_i|general[0].gpll~PLL_OUTPUT_COUNTER|divclk'
Slack : 9.293
TNS   : 0.000

Type  : Fast 1100mV 0C Model Minimum Pulse Width 'altera_reserved_tck'
Slack : 15.261
TNS   : 0.000

Type  : Fast 1100mV 0C Model Minimum Pulse Width 'HPS_I2C1_SCLK'
Slack : 1249.286
TNS   : 0.000

Type  : Fast 1100mV 0C Model Minimum Pulse Width 'HPS_I2C2_SCLK'
Slack : 1249.286
TNS   : 0.000

------------------------------------------------------------
Info: see the "DDR report" for DDR timing results
------------------------------------------------------------
------------------------------------------------------------
